R1------------------------------------
Connected to Dynamips VM "R1" (ID 1, type c3725) - Console port
Press ENTER to get the prompt.
ROMMON emulation microcode.

                           Launching IOS image at 0x80008000...

                                                               Smart Init is dis                                         abled. IOMEM set to: 5

                        Using iomem percentage: 5

              Restricted Rights Legend

Use, duplication, or disclosure by the Government is
subject to restrictions as set forth in subparagraph
(c) of the Commercial Computer Software - Restricted
Rights clause at FAR sec. 52.227-19 and subparagraph
(c) (1) (ii) of the Rights in Technical Data and Computer
Software clause at DFARS sec. 252.227-7013.

           cisco Systems, Inc.
           170 West Tasman Drive
           San Jose, California 95134-1706



Cisco IOS Software, 3700 Software (C3725-ADVSECURITYK9-M), Version 12.4(3), RELE                                         ASE SOFTWARE (fc2)
Technical Support: http://www.cisco.com/techsupport
Copyright (c) 1986-2005 by Cisco Systems, Inc.
Compiled Fri 22-Jul-05 02:27 by hqluong
Image text-base: 0x6000905C, data-base: 0x61B4A000


 BIST FAILED...Port Statistics for unclassified packets is not turned on.

This product contains cryptographic features and is subject to United
States and local country laws governing import, export, transfer and
use. Delivery of Cisco cryptographic products does not imply
third-party authority to import, export, distribute or use encryption.
Importers, exporters, distributors and users are responsible for
compliance with U.S. and local country laws. By using this product you
agree to comply with applicable laws and regulations. If you are unable
to comply with U.S. and local laws, return this product immediately.

A summary of U.S. laws governing Cisco cryptographic products may be found at:
http://www.cisco.com/wwl/export/crypto/tool/stqrg.html

If you require further assistance please contact us by sending email to
export@cisco.com.

Cisco 3725 (R7000) processor (revision 0.1) with 124928K/6144K bytes of memory.
Processor board ID FTX0945W0MY
R7000 CPU at 240MHz, Implementation 39, Rev 2.1, 256KB L2, 512KB L3 Cache
2 FastEthernet interfaces
2 Serial(sync/async) interfaces
DRAM configuration is 64 bits wide with parity enabled.
55K bytes of NVRAM.

SETUP: new interface FastEthernet0/0 placed in "shutdown" state
SETUP: new interface Serial0/0 placed in "shutdown" state
SETUP: new interface FastEthernet0/1 placed in "shutdown" state
SETUP: new interface Serial0/1 placed in "shutdown" state
% Crashinfo may not be recovered at flash:crashinfo
% This file system device reports an error


Press RETURN to get started!

sslinit fn

*Mar  1 00:00:01.327: %SW_VLAN-4-IFS_FAILURE: VLAN manager encountered file oper                                         ation error: call = ifs_open/read / code = 3588 (No device available)
    / bytes transfered = 0
*Mar  1 00:00:01.371: %SYS-5-CONFIG_I: Configured from memory by console
*Mar  1 00:00:01.503: %SYS-5-RESTART: System restarted --
Cisco IOS Software, 3700 Software (C3725-ADVSECURITYK9-M), Version 12.4(3), RELE                                         ASE SOFTWARE (fc2)
Technical Support: http://www.cisco.com/techsupport
Copyright (c) 1986-2005 by Cisco Systems, Inc.
Compiled Fri 22-Jul-05 02:27 by hqluong
*Mar  1 00:00:01.515: %SNMP-5-COLDSTART: SNMP agent on host R1 is undergoing a c                                         old start
*Mar  1 00:00:02.735: %LINK-5-CHANGED: Interface FastEthernet0/0, changed state                                          to administratively down
*Mar  1 00:00:02.763: %LINK-5-CHANGED: Interface FastEthernet0/1, changed state                                          to administratively down
*Mar  1 00:00:02.807: %LINK-5-CHANGED: Interface Serial0/0, changed state to adm                                         inistratively down
*Mar  1 00:00:02.807: %LINK-5-CHANGED: Interface Serial0/1, changed state to adm                                         inistratively down
*Mar  1 00:00:03.735: %LINEPROTO-5-UPDOWN: Line protocol on Interface FastEthern                                         et0/0, changed state to down
*Mar  1 00:00:03.763: %LINEPROTO-5-UPDOWN: Line protocol on Interface FastEthern                                         et0/1, changed state to down
*Mar  1 00:00:03.807: %LINEPROTO-5-UPDOWN: Line protocol on Interface Serial0/0,                                          changed state to down
*Mar  1 00:00:03.807: %LINEPROTO-5-UPDOWN: Line protocol on Interface Serial0/1,                                          changed state to down
R1#config t
Enter configuration commands, one per line.  End with CNTL/Z.
R1(config)#int
% Incomplete command.

R1(config-if)#ip address 192.168.12.1 255.255.255.0
R1(config-if)#no shut
R1(config-if)#
*Mar  1 00:03:20.739: %LINK-3-UPDOWN: Interface FastEthernet0/0, changed state to up
*Mar  1 00:03:21.739: %LINEPROTO-5-UPDOWN: Line protocol on Interface FastEthernet0/0, changed state to up
R1(config-if)#exit
R1(config)#ip dh
% Incomplete command.

R1(config)#ip dh
R1(config)#ip dhcp po
R1(config)#ip dhcp pool pool_r1_1
R1(dhcp-config)#netw
R1(dhcp-config)#network 192
R1(dhcp-config)#network 192.168.12.0 255.255.255.0
R1(dhcp-config)#dha
R1(dhcp-config)#dha-s
R1(dhcp-config)#dha-server 192.168.12.1
                 ^
% Invalid input detected at '^' marker.

R1(dhcp-config)#dhs
R1(dhcp-config)#dns
R1(dhcp-config)#dns-server 192.168.12.1
R1(dhcp-config)#def
R1(dhcp-config)#default-router 192.168.12.1
R1(dhcp-config)#doma
R1(dhcp-config)#domain-name test.com
R1(dhcp-config)#le
R1(dhcp-config)#lease 3 12 59
R1(dhcp-config)#exit
R1(config)#write
R1(config)#write R#
             ^
% Invalid input detected at '^' marker.

R1(config)#write R
R1(config)#write R1
             ^
% Invalid input detected at '^' marker.

R1(config)#copy
R1(config)#copy vun
R1(config)#copy vuning
R1(config)#write
             ^
% Invalid input detected at '^' marker.

R1(config)#write
             ^
% Invalid input detected at '^' marker.

R1(config)#write
             ^
% Invalid input detected at '^' marker.

R1(config)#exit
R1#
*Mar  1 00:15:56.571: %SYS-5-CONFIG_I: Configured from console by console
R1#write
Building configuration...
[OK]
R1#config t
Enter configuration commands, one per line.  End with CNTL/Z.
R1(config)#ip dhcp pool pool_r1_1
R1(dhcp-config)#lease
R1(dhcp-config)#lease
R1(dhcp-config)#lease 3 12 59
R1(dhcp-config)#ip dh
R1(dhcp-config)#ip dhcp exc
R1(dhcp-config)#ip dhcp excluded-address 192.168.12.1 192.168.12.100
R1(config)#exit
R1#writ
*Mar  1 00:18:00.947: %SYS-5-CONFIG_I: Configured from console by console
R1#write
Building configuration...
[OK]
R1#conf t
Enter configuration commands, one per line.  End with CNTL/Z.
R1(config)#no ip dhcp excluded-address 192.168.12.1 192.168.12.100
R1(config)#no ip dhcp pool pool_r1_1
R1(config)#do wr
Building configuration...
[OK]
R1(config)#ip dhcp pool pool_r1_1
R1(dhcp-config)#domain-name test.com
R1(dhcp-config)#lease 3 12 59
R1(dhcp-config)#default-router 192.168.12.1
R1(dhcp-config)#dns-server 192.168.12.1
R1(dhcp-config)#netw
R1(dhcp-config)#network 192.168.12.0.255.255.255.0
                                    ^
% Invalid input detected at '^' marker.

R1(dhcp-config)#network 192.168.12.0 255.255.255.0
R1(dhcp-config)#exit
R1(config)#ip dhcp excluded-address 192.168.12.1 192.168.12.100
R1(config)#do wr
Building configuration...
[OK]
R1(config)#exit
R1#Sh
*Mar  1 00:29:03.355: %SYS-5-CONFIG_I: Configured from console by console
R1#Show
R1#Show I
R1#Show IP
R1#Show IP int
R1#Show IP interface br
R1#Show IP interface brief
Interface                  IP-Address      OK? Method Status                Protocol
FastEthernet0/0            192.168.12.1    YES manual up                    up
Serial0/0                  unassigned      YES unset  administratively down down
FastEthernet0/1            unassigned      YES unset  administratively down down
Serial0/1                  unassigned      YES unset  administratively down down
R1#Show run
Building configuration...

Current configuration : 1188 bytes
!
version 12.4
service timestamps debug datetime msec
service timestamps log datetime msec
no service password-encryption
!
hostname R1
!
boot-start-marker
boot-end-marker
!
!
no aaa new-model
!
resource policy
!
memory-size iomem 5
ip subnet-zero
no ip icmp rate-limit unreachable
ip cef
ip tcp synwait-time 5
!
!

R1#conf
R1#configure t
R1#configure terminal
Enter configuration commands, one per line.  End with CNTL/Z.
R1(config)#interfa
R1(config)#interface fa 0/1
R1(config-if)#ip ad
R1(config-if)#ip address 192.168.31.1 255.255.255.0
R1(config-if)#no shut down
                      ^
% Invalid input detected at '^' marker.

R1(config-if)#no
R1(config-if)#no shut down
                      ^
% Invalid input detected at '^' marker.

R1(config-if)#no shut
R1(config-if)#no shutdown
R1(config-if)#
*Mar  1 00:31:41.587: %LINK-3-UPDOWN: Interface FastEthernet0/1, changed state to up
*Mar  1 00:31:42.587: %LINEPROTO-5-UPDOWN: Line protocol on Interface FastEthernet0/1, changed state to up
R1(config-if)#exit
R1(config)#ip dhcp poo
R1(config)#ip dhcp pool pool_r1_2
R1(dhcp-config)#defa
R1(dhcp-config)#net
R1(dhcp-config)#networ
R1(dhcp-config)#network 192.168.31.0 255.255.255.0
R1(dhcp-config)#def
R1(dhcp-config)#default-router 192.168.31.1
R1(dhcp-config)#dns
R1(dhcp-config)#dns-server 192.168.31.1
R1(dhcp-config)#dom
R1(dhcp-config)#domain-name test.com
R1(dhcp-config)#exit
R1(config)#ip dhcp
R1(config)#ip dhcp po
R1(config)#ip dhcp pool pool_r1_2
R1(dhcp-config)#lease 3 12 59
R1(dhcp-config)#exit
R1(config)#ip d
R1(config)#ip dhc
R1(config)#ip dhcp ex
R1(config)#ip dhcp excluded-address 192.168.31.1 192.168.31.150
R1(config)#exit
R1#write
*Mar  1 00:35:52.983: %SYS-5-CONFIG_I: Configured from console by console
Building configuration...
[OK]
R1#do wr
      ^
% Invalid input detected at '^' marker.

R1#s
R1#sho
R1#show ip int
R1#show ip interface br
R1#show ip interface brief
Interface                  IP-Address      OK? Method Status                Protocol
FastEthernet0/0            192.168.12.1    YES manual up                    up
Serial0/0                  unassigned      YES unset  administratively down down
FastEthernet0/1            192.168.31.1    YES manual up                    up
Serial0/1                  unassigned      YES unset  administratively down down
R1#show rin
R1#show run
Building configuration...

Current configuration : 1419 bytes
!
version 12.4
service timestamps debug datetime msec
service timestamps log datetime msec
no service password-encryption
!
hostname R1
!
boot-start-marker
boot-end-marker
!
!
no aaa new-model
!
resource policy
!
memory-size iomem 5
ip subnet-zero
no ip icmp rate-limit unreachable
ip cef
ip tcp synwait-time 5
!
!

R1#

PC1------------------------------------

PC1> ip dhcp
DDORA IP 192.168.12.2/24 GW 192.168.12.1

PC1> ip dhcp
DORA IP 192.168.12.2/24 GW 192.168.12.1

PC1> ip dhcp -r
DDD
Can't find dhcp server

PC1> ip dhcp
DDORA IP 192.168.12.101/24 GW 192.168.12.1

PC2> ip dhcp
DDORA IP 192.168.12.102/24 GW 192.168.12.1


PC3> ip dhcp
DDORA IP 192.168.12.103/24 GW 192.168.12.1


PC4> ip dhcp
DDORA IP 192.168.31.151/24 GW 192.168.31.1


PC5> ip dhcp
DDORA IP 192.168.31.152/24 GW 192.168.31.1


PC6> ip dhcp
DDORA IP 192.168.31.153/24 GW 192.168.31.1

PC6> ping 192.168.31.152
84 bytes from 192.168.31.152 icmp_seq=1 ttl=64 time=1.489 ms
84 bytes from 192.168.31.152 icmp_seq=2 ttl=64 time=1.078 ms
84 bytes from 192.168.31.152 icmp_seq=3 ttl=64 time=1.105 ms
84 bytes from 192.168.31.152 icmp_seq=4 ttl=64 time=0.962 ms
84 bytes from 192.168.31.152 icmp_seq=5 ttl=64 time=1.000 ms

PC6> ping 192.168.31.151
84 bytes from 192.168.31.151 icmp_seq=1 ttl=64 time=0.817 ms
84 bytes from 192.168.31.151 icmp_seq=2 ttl=64 time=1.111 ms
84 bytes from 192.168.31.151 icmp_seq=3 ttl=64 time=1.443 ms
84 bytes from 192.168.31.151 icmp_seq=4 ttl=64 time=1.439 ms
84 bytes from 192.168.31.151 icmp_seq=5 ttl=64 time=1.303 ms

PC6> ping 192.168.12.101
192.168.12.101 icmp_seq=1 timeout
192.168.12.101 icmp_seq=2 timeout
84 bytes from 192.168.12.101 icmp_seq=3 ttl=63 time=60.602 ms
84 bytes from 192.168.12.101 icmp_seq=4 ttl=63 time=45.346 ms
84 bytes from 192.168.12.101 icmp_seq=5 ttl=63 time=60.694 ms

